2025-05-25 02:48:24,082 - video_downloader - INFO - Application initialized
2025-05-25 02:48:27,214 - video_downloader - INFO - Starting download from URL: https://asmrfree.com/soph-stardust-asmr-mommy-milkers-patreon-leak/
2025-05-25 02:48:27,220 - video_downloader - INFO - Fetching webpage: https://asmrfree.com/soph-stardust-asmr-mommy-milkers-patreon-leak/
2025-05-25 02:48:27,227 - urllib3.connectionpool - DEBUG - Starting new HTTPS connection (1): asmrfree.com:443
2025-05-25 02:48:28,129 - urllib3.connectionpool - DEBUG - https://asmrfree.com:443 "GET /soph-stardust-asmr-mommy-milkers-patreon-leak/ HTTP/1.1" 200 None
2025-05-25 02:48:28,337 - video_downloader - INFO - Page status code: 200
2025-05-25 02:48:28,379 - video_downloader - INFO - Found 1 iframes
2025-05-25 02:48:28,379 - video_downloader - INFO - Found iframe src: https://asmrfreeplayer.fun/?v=DdNXht0lZ
2025-05-25 02:48:28,379 - video_downloader - INFO - Found player URL: https://asmrfreeplayer.fun/?v=DdNXht0lZ
2025-05-25 02:48:28,380 - urllib3.connectionpool - DEBUG - Starting new HTTPS connection (1): asmrfreeplayer.fun:443
2025-05-25 02:48:29,410 - urllib3.connectionpool - DEBUG - https://asmrfreeplayer.fun:443 "GET /?v=DdNXht0lZ HTTP/1.1" 200 None
2025-05-25 02:48:29,432 - video_downloader - INFO - Player page status: 200
2025-05-25 02:48:29,434 - video_downloader - INFO - Extracted video ID: DdNXht0lZ
2025-05-25 02:48:29,434 - video_downloader - INFO - Trying API endpoint: https://asmrfreeplayer.fun/api/source/DdNXht0lZ
2025-05-25 02:48:30,204 - urllib3.connectionpool - DEBUG - https://asmrfreeplayer.fun:443 "POST /api/source/DdNXht0lZ HTTP/1.1" 401 0
2025-05-25 02:48:30,204 - video_downloader - INFO - Trying API endpoint: https://asmrfreeplayer.fun/api/player/configs/DdNXht0lZ
2025-05-25 02:48:30,656 - urllib3.connectionpool - DEBUG - https://asmrfreeplayer.fun:443 "POST /api/player/configs/DdNXht0lZ HTTP/1.1" 401 0
2025-05-25 02:48:30,658 - video_downloader - INFO - Trying API endpoint: https://asmrfreeplayer.fun/api/video/get/DdNXht0lZ
2025-05-25 02:48:31,108 - urllib3.connectionpool - DEBUG - https://asmrfreeplayer.fun:443 "POST /api/video/get/DdNXht0lZ HTTP/1.1" 401 0
2025-05-25 02:48:31,209 - video_downloader - ERROR - No video URL found. Page content saved to page_content.html
2025-05-25 02:48:31,209 - video_downloader - ERROR - Error during extraction: No video URL found in the webpage
Traceback (most recent call last):
  File "d:\Video Fetcher\downloader\video_extractor.py", line 137, in extract_video_info
    raise ValueError("No video URL found in the webpage")
ValueError: No video URL found in the webpage
2025-05-25 02:48:31,209 - video_downloader - ERROR - Download failed: Failed to extract video info: No video URL found in the webpage
Traceback (most recent call last):
  File "d:\Video Fetcher\downloader\video_extractor.py", line 137, in extract_video_info
    raise ValueError("No video URL found in the webpage")
ValueError: No video URL found in the webpage

During handling of the above exception, another exception occurred:

Traceback (most recent call last):
  File "d:\Video Fetcher\gui\main_window.py", line 186, in download_video
    video_info = self.video_extractor.extract_video_info(url)
  File "d:\Video Fetcher\downloader\video_extractor.py", line 141, in extract_video_info
    raise Exception(f"Failed to extract video info: {str(e)}")
Exception: Failed to extract video info: No video URL found in the webpage

